backend.tests.integration.test_execution_endpoints::test_get_execution_view_endpoint
backend.tests.integration.test_execution_endpoints::test_get_flat_report_endpoint
backend.tests.manual.test_agents_strict_dto::test_agent_execution_mock
backend.tests.manual.test_kb_service_injection::test_kb_service_init
backend.tests.manual.test_output_pipeline_strict::test_strict_accessors
backend.tests.test_domain_enums::test_causal_analysis
backend.tests.unit.test_chart_service.TestChartService::test_generate_radar_chart_valid
backend.tests.unit.test_engine_cancellation::test_engine_graceful_cancellation
backend.tests.unit.test_pdf_generator::test_generate_execution_pdf_success
backend.tests.unit.test_pdf_generator::test_generate_execution_pdf_error_handling
backend.tests.unit.test_pdf_generator::test_generate_pdf_with_logic_and_ethics
backend.tests.unit.test_reporting_hook::test_generate_report_no_data
backend.tests.unit.test_reporting_hook::test_generate_report_with_data
backend.tests.unit.test_retrieval_agent::test_retrieval_agent_hybrid_execution
backend.tests.unit.test_retrieval_agent::test_retrieval_agent_kb_failure_resilience
