============================= test session starts =============================
platform win32 -- Python 3.14.2, pytest-9.0.2, pluggy-1.6.0 -- C:\src\quorum\.venv\Scripts\python.exe
cachedir: .pytest_cache
rootdir: C:\src\quorum
configfile: pytest.ini
testpaths: tests
plugins: anyio-4.12.0, logfire-4.16.0, asyncio-1.3.0
asyncio: mode=Mode.AUTO, debug=False, asyncio_default_fixture_loop_scope=function, asyncio_default_test_loop_scope=function
collecting ... collected 75 items

tests/test_admin_router.py::test_admin_self_test_mocked PASSED           [  1%]
tests/test_adversarial_security.py::TestAdversarialSecurity::test_adversarial_chat_history_masquerade PASSED [  2%]
tests/test_adversarial_security.py::TestAdversarialSecurity::test_adversarial_reflection_injection PASSED [  4%]
tests/test_api.py::test_extract_pdf PASSED                               [  5%]
tests/test_api.py::test_run_agent_mock PASSED                            [  6%]
tests/test_api.py::test_admin_reset PASSED                               [  8%]
tests/test_api_integrity.py::test_delete_step_integrity_violation PASSED [  9%]
tests/test_api_integrity.py::test_delete_workflow_integrity_violation PASSED [ 10%]
tests/test_api_integrity.py::test_delete_organization_active_jobs PASSED [ 12%]
tests/test_api_new_endpoints.py::test_get_models PASSED                  [ 13%]
tests/test_api_new_endpoints.py::test_self_test PASSED                   [ 14%]
tests/test_api_new_endpoints.py::test_docs_update PASSED                 [ 16%]
tests/test_architecture_v2.py::test_reporting_dual_comparison PASSED     [ 17%]
tests/test_architecture_v2.py::test_reporting_single_judge_fallback PASSED [ 18%]
tests/test_audit_logs.py::test_audit_access_control PASSED               [ 20%]
tests/test_audit_logs.py::test_audit_lifecycle_root PASSED               [ 21%]
tests/test_banned_phrases_api.py::test_banned_phrases_crud PASSED        [ 22%]
tests/test_banned_phrases_api.py::test_duplicate_phrase PASSED           [ 24%]
tests/test_builder_api.py::test_list_agents_config PASSED                [ 25%]
tests/test_builder_api.py::test_workflow_crud_lifecycle PASSED           [ 26%]
tests/test_builder_api.py::test_orphan_step_deletion PASSED              [ 28%]
tests/test_db_scenarios.py::test_missing_step_definition PASSED          [ 29%]
tests/test_db_scenarios.py::test_empty_prompt_content PASSED             [ 30%]
tests/test_db_scenarios.py::test_missing_prompt_component PASSED         [ 32%]
tests/test_e2e_api.py::test_e2e_api_mock_db PASSED                       [ 33%]
tests/test_e2e_api.py::test_e2e_api_firestore_db PASSED                  [ 34%]
tests/test_environments.py::test_env_mock_db_default PASSED              [ 36%]
tests/test_environments.py::test_env_local_production PASSED             [ 37%]
tests/test_environments.py::test_firestore_client_instantiation PASSED   [ 38%]
tests/test_error_contract.py::test_validation_error_contract PASSED      [ 40%]
tests/test_error_contract.py::test_http_exception_contract PASSED        [ 41%]
tests/test_error_contract.py::test_execution_validation_logic PASSED     [ 42%]
tests/test_fusion_deep.py::test_compile_fusion_flow PASSED               [ 44%]
tests/test_fusion_deep.py::test_panel_agent_fan_out PASSED               [ 45%]
tests/test_guard_hybrid.py::test_hybrid_guard_triggers_english PASSED    [ 46%]
tests/test_guard_hybrid.py::test_hybrid_guard_triggers_finnish PASSED    [ 48%]
tests/test_guard_hybrid.py::test_hybrid_guard_clean_input PASSED         [ 49%]
tests/test_iam.py::test_root_can_list_organizations PASSED               [ 50%]
tests/test_iam.py::test_admin_cannot_list_all_organizations PASSED       [ 52%]
tests/test_iam.py::test_root_can_create_organization PASSED              [ 53%]
tests/test_iam.py::test_create_duplicate_organization_fails PASSED       [ 54%]
tests/test_iam.py::test_member_cannot_create_organization PASSED         [ 56%]
tests/test_iam.py::test_get_my_organization_admin PASSED                 [ 57%]
tests/test_iam.py::test_fetch_nonexistent_organization PASSED            [ 58%]
tests/test_judge_sanity.py::TestJudgeSanity::test_judge_sanity_execution PASSED [ 60%]
tests/test_last_admin_protection.py::test_last_admin_cannot_delete_self PASSED [ 61%]
tests/test_last_admin_protection.py::test_last_admin_cannot_be_demoted PASSED [ 62%]
tests/test_last_admin_protection.py::test_second_admin_allows_deletion PASSED [ 64%]
tests/test_last_admin_protection.py::test_root_can_bypass_checks_if_orphan_org_logic_not_strict PASSED [ 65%]
tests/test_live_llm.py::TestLiveLLM::test_live_critical_schemas_validity SKIPPED [ 66%]
tests/test_live_llm.py::TestLiveLLM::test_live_gemini_connectivity PASSED [ 68%]
tests/test_operational_hardening.py::test_ssrf_blocking_localhost PASSED [ 69%]
tests/test_operational_hardening.py::test_ssrf_blocking_private_ip PASSED [ 70%]
tests/test_operational_hardening.py::test_quota_enforcement PASSED       [ 72%]
tests/test_org_management.py::test_create_org_as_root PASSED             [ 73%]
tests/test_org_management.py::test_create_org_as_admin_forbidden PASSED  [ 74%]
tests/test_org_management.py::test_delete_org_as_admin_forbidden PASSED  [ 76%]
tests/test_org_management.py::test_list_orgs_as_admin_forbidden PASSED   [ 77%]
tests/test_org_management.py::test_delete_system_org_forbidden PASSED    [ 78%]
tests/test_org_management.py::test_delete_org_with_users_conflict PASSED [ 80%]
tests/test_org_management.py::test_force_delete_org_success PASSED       [ 81%]
tests/test_safety_and_hooks.py::test_fork_step_safety PASSED             [ 82%]
tests/test_safety_and_hooks.py::test_python_hooks_execution PASSED       [ 84%]
tests/test_schema_validation.py::test_schema_validation_success PASSED   [ 85%]
tests/test_schema_validation.py::test_schema_validation_failure_retry PASSED [ 86%]
tests/test_security_hooks.py::test_pii_sanitization PASSED               [ 88%]
tests/test_security_hooks.py::test_banned_phrases_detection PASSED       [ 89%]
tests/test_security_hooks.py::test_banned_phrases_empty PASSED           [ 90%]
tests/test_system_resilience.py::TestSystemResilienceAsync::test_create_workflow_db_failure PASSED [ 92%]
tests/test_system_resilience.py::test_reporting_hook_catches_exceptions PASSED [ 93%]
tests/test_system_resilience.py::test_reporting_hook_handles_mixed_data_types PASSED [ 94%]
tests/test_v2_5_admin_flows.py::test_global_settings_persistence PASSED  [ 96%]
tests/test_v2_5_admin_flows.py::test_organization_lifecycle_saas PASSED  [ 97%]
tests/test_workflow_construction.py::test_workflow_construction PASSED   [ 98%]
tests/test_workflow_integration.py::test_full_workflow_execution SKIPPED [100%]

============================== warnings summary ===============================
.venv\Lib\site-packages\litellm\litellm_core_utils\logging_utils.py:273: 17 warnings
  C:\src\quorum\.venv\Lib\site-packages\litellm\litellm_core_utils\logging_utils.py:273: DeprecationWarning: 'asyncio.iscoroutinefunction' is deprecated and slated for removal in Python 3.16; use inspect.iscoroutinefunction() instead
    if asyncio.iscoroutinefunction(func):

backend\models\llm.py:13
  C:\src\quorum\backend\models\llm.py:13: PydanticDeprecatedSince20: Support for class-based `config` is deprecated, use ConfigDict instead. Deprecated in Pydantic V2.0 to be removed in V3.0. See Pydantic V2 Migration Guide at https://errors.pydantic.dev/2.12/migration/
    class LLMResponse(BaseModel):

backend\models\settings.py:6
  C:\src\quorum\backend\models\settings.py:6: PydanticDeprecatedSince20: Support for class-based `config` is deprecated, use ConfigDict instead. Deprecated in Pydantic V2.0 to be removed in V3.0. See Pydantic V2 Migration Guide at https://errors.pydantic.dev/2.12/migration/
    class SystemSettings(BaseModel):

backend\main.py:240
tests/test_e2e_api.py::test_e2e_api_mock_db
tests/test_e2e_api.py::test_e2e_api_firestore_db
  C:\src\quorum\backend\main.py:240: DeprecationWarning: 
          on_event is deprecated, use lifespan event handlers instead.
  
          Read more about it in the
          [FastAPI docs for Lifespan Events](https://fastapi.tiangolo.com/advanced/events/).
          
    @app.on_event("startup")

.venv\Lib\site-packages\fastapi\applications.py:4576
.venv\Lib\site-packages\fastapi\applications.py:4576
tests/test_e2e_api.py::test_e2e_api_mock_db
tests/test_e2e_api.py::test_e2e_api_mock_db
tests/test_e2e_api.py::test_e2e_api_firestore_db
tests/test_e2e_api.py::test_e2e_api_firestore_db
  C:\src\quorum\.venv\Lib\site-packages\fastapi\applications.py:4576: DeprecationWarning: 
          on_event is deprecated, use lifespan event handlers instead.
  
          Read more about it in the
          [FastAPI docs for Lifespan Events](https://fastapi.tiangolo.com/advanced/events/).
          
    return self.router.on_event(event_type)

backend\main.py:241
tests/test_e2e_api.py::test_e2e_api_mock_db
tests/test_e2e_api.py::test_e2e_api_firestore_db
  C:\src\quorum\backend\main.py:241: DeprecationWarning: 
          on_event is deprecated, use lifespan event handlers instead.
  
          Read more about it in the
          [FastAPI docs for Lifespan Events](https://fastapi.tiangolo.com/advanced/events/).
          
    @app.on_event("startup")

tests\test_org_management.py:16
  C:\src\quorum\tests\test_org_management.py:16: DeprecationWarning: datetime.datetime.utcnow() is deprecated and scheduled for removal in a future version. Use timezone-aware objects to represent datetimes in UTC: datetime.datetime.now(datetime.UTC).
    created_at=datetime.utcnow().isoformat(),

tests\test_org_management.py:25
  C:\src\quorum\tests\test_org_management.py:25: DeprecationWarning: datetime.datetime.utcnow() is deprecated and scheduled for removal in a future version. Use timezone-aware objects to represent datetimes in UTC: datetime.datetime.now(datetime.UTC).
    created_at=datetime.utcnow().isoformat(),

tests/test_api_integrity.py: 3 warnings
tests/test_audit_logs.py: 2 warnings
tests/test_banned_phrases_api.py: 2 warnings
tests/test_error_contract.py: 3 warnings
tests/test_last_admin_protection.py: 4 warnings
tests/test_operational_hardening.py: 3 warnings
tests/test_org_management.py: 7 warnings
tests/test_v2_5_admin_flows.py: 2 warnings
  C:\src\quorum\tests\conftest.py:77: DeprecationWarning: datetime.datetime.utcnow() is deprecated and scheduled for removal in a future version. Use timezone-aware objects to represent datetimes in UTC: datetime.datetime.now(datetime.UTC).
    created_at=datetime.utcnow().isoformat(),

tests/test_api_integrity.py: 3 warnings
tests/test_audit_logs.py: 12 warnings
tests/test_iam.py: 3 warnings
tests/test_last_admin_protection.py: 2 warnings
tests/test_operational_hardening.py: 3 warnings
tests/test_org_management.py: 11 warnings
tests/test_v2_5_admin_flows.py: 6 warnings
  C:\src\quorum\backend\services\audit_service.py:50: DeprecationWarning: datetime.datetime.utcnow() is deprecated and scheduled for removal in a future version. Use timezone-aware objects to represent datetimes in UTC: datetime.datetime.now(datetime.UTC).
    timestamp=datetime.utcnow().isoformat(),

tests/test_builder_api.py::test_list_agents_config
tests/test_builder_api.py::test_workflow_crud_lifecycle
tests/test_builder_api.py::test_orphan_step_deletion
  C:\src\quorum\backend\main.py:113: DeprecationWarning: Call to deprecated close. (Use aclose() instead) -- Deprecated since version 5.0.1.
    await pool.close()

tests/test_live_llm.py::TestLiveLLM::test_live_critical_schemas_validity
tests/test_live_llm.py::TestLiveLLM::test_live_critical_schemas_validity
tests/test_live_llm.py::TestLiveLLM::test_live_gemini_connectivity
  C:\src\quorum\.venv\Lib\site-packages\pydantic\main.py:464: UserWarning: Pydantic serializer warnings:
    PydanticSerializationUnexpectedValue(Expected 10 fields but got 5: Expected `Message` - serialized value may not be as expected [field_name='message', input_value=Message(content=None, rol...er_specific_fields=None), input_type=Message])
    PydanticSerializationUnexpectedValue(Expected `StreamingChoices` - serialized value may not be as expected [field_name='choices', input_value=Choices(finish_reason='st...r_specific_fields=None)), input_type=Choices])
    return self.__pydantic_serializer__.to_python(

tests/test_live_llm.py::TestLiveLLM::test_live_critical_schemas_validity
tests/test_live_llm.py::TestLiveLLM::test_live_gemini_connectivity
  C:\src\quorum\.venv\Lib\site-packages\aiohttp\connector.py:993: DeprecationWarning: enable_cleanup_closed ignored because https://github.com/python/cpython/pull/118960 is fixed in Python version sys.version_info(major=3, minor=14, micro=2, releaselevel='final', serial=0)
    super().__init__(

-- Docs: https://docs.pytest.org/en/stable/how-to/capture-warnings.html
--------- generated xml file: C:\src\quorum\tests\output\results.xml ----------
================ 73 passed, 2 skipped, 107 warnings in 52.58s =================
