============================= test session starts =============================
platform win32 -- Python 3.14.2, pytest-9.0.2, pluggy-1.6.0 -- C:\Python314\python.exe
cachedir: .pytest_cache
rootdir: C:\src\quorum
configfile: pytest.ini
plugins: anyio-4.12.1, asyncio-1.3.0
asyncio: mode=Mode.AUTO, debug=False, asyncio_default_fixture_loop_scope=function, asyncio_default_test_loop_scope=function
collecting ... collected 3 items

backend/tests/api/test_builder_preview.py::test_preview_step_flow PASSED [ 33%]
backend/tests/api/test_builder_preview.py::test_preview_chain_flow FAILED [ 66%]
backend/tests/api/test_builder_preview.py::test_preview_not_found PASSED [100%]

================================== FAILURES ===================================
___________________________ test_preview_chain_flow ___________________________

    def test_preview_chain_flow():
        """Test creating a workflow and previewing the chain."""
        # 1. Create Steps
        s1_res = client.post("/builder/steps/create-custom", json={"component_type": "Judge", "name_hint": "S1"})
        s1_id = s1_res.json()["id"]
    
        s2_res = client.post("/builder/steps/create-custom", json={"component_type": "Reporter", "name_hint": "S2"})
        s2_id = s2_res.json()["id"]
    
        # 2. Create Workflow
        wf_payload = {
            "name": "Chain Test",
            "steps": [s1_id, s2_id]
        }
        wf_res = client.post("/builder/workflows", json=wf_payload)
        assert wf_res.status_code == 200, f"Workflow Setup Failed: {wf_res.text}"
        wf_id = wf_res.json()["id"]
    
        # 3. Preview Chain
        chain_res = client.get(f"/builder/workflows/{wf_id}/chain-preview")
        assert chain_res.status_code == 200
        chain_data = chain_res.json()
    
        assert "markdown_content" in chain_data
        content = chain_data["markdown_content"]
>       assert "System Instruction" in content
E       assert 'System Instruction' in '# Workflow: Chain Test\nID: wf_70d2a345\n\n## Step 1: custom_judge_0bacf2 (Judge)\n----------------------------------------\nVAIHE 9: TUOMARI (JUDGE) - GRAND UNIFICATION\n\nSINUN TEHTÄVÄSI:\nToimit Järjestelmän Tuomarina. Tehtäväsi EI ole arvioida syötetekstin laatua, vaan käyttäjän **Promptauskompetenssia** (Driver vs. Passenger).\n\nKÄYTÄ SEURAAVAA LOGIIKKAA (DRIVER\'S LICENSE):\n\n1. **AJOKORTTIMALLI (MANDATE 4)**:\n   - Järjestelmä on kuin auto. Käyttäjä on joko **Kuljettaja** (Driver) tai **Matkustaja** (Passenger).\n   - Kuljettaja ottaa vastuun, ohjaa, antaa kontekstin ja määrittelee tavoitteet.\n   - Matkustaja on passiivinen, heittää epämääräisen syötteen ("tee tästä jotain") ja odottaa auton ajavan itsestään.\n\n2. **PISTEYTYS (ALLE 2 PISTETTÄ = HYLÄTTY)**:\n   - Arvioi asteikolla 1-4.\n   - 1-2 pistettä: PASSIVE / PASSENGER. Hylkäys. (Ei pääse rattiin).\n   - 3-4 pistettä: ACTIVE / DRIVER. Hyväksyntä.\n   - **Kriittinen sääntö**: Jos syöte on pelkkä tiedosto ilman ohjeita: MAKSIMI 2/4.\n\n3. **KONFLIKTIN RATKAISU**:\n   - Analysoi aiempien agenttien (Step 1-8) raportit.\n   - Jos PanelAgent/Analyst on löytänyt ristiriitoja, ratkaise ne "Kuljettajan eduksi" vain jos kä...`pisteet`: Anna arvosana (1-4) analyysille, arvioinnille ja synteesille.\n- `konfliktin_ratkaisut`: Kirjaa ratkaistut erimielisyydet.\n- `mestaruus_poikkeama`: Tunnistettiinko mestari?\n- `aitous_epaily`: Epäilläänkö generoitua tekstiä?\n\n{}\n\n### JÄRJESTELMÄKONTEKSTI (SYSTEM CONTEXT)\nNYKYHETKI: 04.02.2026.\nKELLONAIKA: 13:51.\nSIJAINTI: Torrevieja, Spain.\n\nROOLI: Toimit \'Cognitive Quorum\' -auditointijärjestelmän moottorina.\n\nAIKA-ANKKURI: Tiedosta, että toimit NYT, tässä hetkessä (04.02.2026). Koulutusdatasi \'Knowledge Cutoff\' on historiaa. Arvioi kaikkia teknologioita ja väitteitä tästä ajankohdasta käsin.\n\n### AUDITOITAVA MATERIAALI (INPUT DATA)\nAlla on käyttäjän toimittamat tiedostot auditointia varten. Jos kenttä on tyhjä, tiedostoa ei ole toimitettu.\n\n[KESKUSTELUHISTORIA_ALKU]\n{{HISTORY_TEXT}}\n[KESKUSTELUHISTORIA_LOPPU]\n\n[LOPPUTUOTE_ALKU]\n{{PRODUCT_TEXT}}\n[LOPPUTUOTE_LOPPU]\n\n[REFLEKTIODOKUMENTTI_ALKU]\n{{REFLECTION_TEXT}}\n[REFLEKTIODOKUMENTTI_LOPPU]\n\n========================================\n\n## Step 2: custom_reporter_af6479 (Reporter)\n----------------------------------------\n(No Prompt Configured)\n\n========================================\n'

backend\tests\api\test_builder_preview.py:77: AssertionError
============================== warnings summary ===============================
..\..\Python314\Lib\site-packages\litellm\litellm_core_utils\logging_utils.py:273: 15 warnings
  C:\Python314\Lib\site-packages\litellm\litellm_core_utils\logging_utils.py:273: DeprecationWarning: 'asyncio.iscoroutinefunction' is deprecated and slated for removal in Python 3.16; use inspect.iscoroutinefunction() instead
    if asyncio.iscoroutinefunction(func):

..\..\Python314\Lib\site-packages\google\genai\types.py:43
  C:\Python314\Lib\site-packages\google\genai\types.py:43: DeprecationWarning: '_UnionGenericAlias' is deprecated and slated for removal in Python 3.17
    VersionedUnionType = Union[builtin_types.UnionType, _UnionGenericAlias]

..\..\Python314\Lib\site-packages\slowapi\extension.py:717
..\..\Python314\Lib\site-packages\slowapi\extension.py:717
  C:\Python314\Lib\site-packages\slowapi\extension.py:717: DeprecationWarning: 'asyncio.iscoroutinefunction' is deprecated and slated for removal in Python 3.16; use inspect.iscoroutinefunction() instead
    if asyncio.iscoroutinefunction(func):

-- Docs: https://docs.pytest.org/en/stable/how-to/capture-warnings.html
--------- generated xml file: C:\src\quorum\tests\output\results.xml ----------
=========================== short test summary info ===========================
FAILED backend/tests/api/test_builder_preview.py::test_preview_chain_flow - a...
================== 1 failed, 2 passed, 18 warnings in 9.48s ===================
