============================= test session starts =============================
platform win32 -- Python 3.14.2, pytest-9.0.2, pluggy-1.6.0 -- C:\Python314\python.exe
cachedir: .pytest_cache
rootdir: C:\src\quorum
configfile: pytest.ini
plugins: anyio-4.12.1, asyncio-1.3.0
asyncio: mode=Mode.AUTO, debug=False, asyncio_default_fixture_loop_scope=function, asyncio_default_test_loop_scope=function
collecting ... collected 1 item

backend/tests/integration/test_e2e_pipeline.py::test_full_pipeline_ingestion_to_bff FAILED [100%]

================================== FAILURES ===================================
_____________________ test_full_pipeline_ingestion_to_bff _____________________

    @pytest.mark.asyncio
    async def test_full_pipeline_ingestion_to_bff():
        """
        End-to-end test simulating exactly what the Flutter client does:
        1. Uploads files and metadata to /v1/execute using multipart/form-data.
        2. Wait for execution to complete (mocking the LLM paths).
        3. Fetches the execution output through the BFF layer /executions/{id}/view.
        """
        transport = ASGITransport(app=app)
    
        app.dependency_overrides[get_current_user_from_header] = mock_get_current_user
        app.dependency_overrides[get_arq_pool] = lambda: None
    
        # Extract the repository safely from the normal dependency chain
        repository = await get_async_repository()
    
        # 1. Setup a dummy workflow in the database so the engine has something to run
        wf_id = str(uuid4())
        step_id = str(uuid4())
        dummy_wf = WorkflowDefinition(
            id=wf_id,
            name="E2E Pipeline Test Workflow",
            description="Testing the entire chain",
            organization_id="test_org",
            steps=[step_id]
        )
    
        # Register the step in the mocked repository so GraphEngine finds it
        step_model = WorkflowStep(
            id=step_id,
            name="step_analyzer",
            task_key="analyst",
            inputs={"history_text": "file_1", "product_text": "file_1"},
            config={"model_strategy": "fast"}
        )
    
        # 1. Provide Real Database Seed Mock via API
        await repository.create_workflow(dummy_wf.model_dump(mode="json"))
>       await repository._driver.insert("steps", step_model.model_dump(mode="json"))
              ^^^^^^^^^^^^^^^^^^
E       AttributeError: 'UnifiedWorkflowRepository' object has no attribute '_driver'. Did you mean: 'driver'?

backend\tests\integration\test_e2e_pipeline.py:61: AttributeError
============================== warnings summary ===============================
..\..\Python314\Lib\site-packages\google\genai\types.py:43
  C:\Python314\Lib\site-packages\google\genai\types.py:43: DeprecationWarning: '_UnionGenericAlias' is deprecated and slated for removal in Python 3.17
    VersionedUnionType = Union[builtin_types.UnionType, _UnionGenericAlias]

..\..\Python314\Lib\site-packages\litellm\litellm_core_utils\logging_utils.py:273: 15 warnings
  C:\Python314\Lib\site-packages\litellm\litellm_core_utils\logging_utils.py:273: DeprecationWarning: 'asyncio.iscoroutinefunction' is deprecated and slated for removal in Python 3.16; use inspect.iscoroutinefunction() instead
    if asyncio.iscoroutinefunction(func):

..\..\Python314\Lib\site-packages\slowapi\extension.py:717
..\..\Python314\Lib\site-packages\slowapi\extension.py:717
  C:\Python314\Lib\site-packages\slowapi\extension.py:717: DeprecationWarning: 'asyncio.iscoroutinefunction' is deprecated and slated for removal in Python 3.16; use inspect.iscoroutinefunction() instead
    if asyncio.iscoroutinefunction(func):

-- Docs: https://docs.pytest.org/en/stable/how-to/capture-warnings.html
--------- generated xml file: C:\src\quorum\tests\output\results.xml ----------
=========================== short test summary info ===========================
FAILED backend/tests/integration/test_e2e_pipeline.py::test_full_pipeline_ingestion_to_bff - AttributeError: 'UnifiedWorkflowRepository' object has no attribute '_driver'. Did you mean: 'driver'?
======================= 1 failed, 18 warnings in 5.18s ========================
