============================= test session starts =============================
platform win32 -- Python 3.14.2, pytest-9.0.2, pluggy-1.6.0 -- C:\Python314\python.exe
cachedir: .pytest_cache
rootdir: c:\src\quorum
configfile: pytest.ini
plugins: anyio-4.12.1, asyncio-1.3.0
asyncio: mode=Mode.AUTO, debug=False, asyncio_default_fixture_loop_scope=function, asyncio_default_test_loop_scope=function
collecting ... collected 1 item / 1 error

=================================== ERRORS ====================================
_ ERROR collecting backend/tests/api/transformers/test_domain_transformers.py _
ImportError while importing test module 'c:\src\quorum\backend\tests\api\transformers\test_domain_transformers.py'.
Hint: make sure your test modules/packages have valid Python names.
Traceback:
C:\Python314\Lib\importlib\__init__.py:88: in import_module
    return _bootstrap._gcd_import(name[level:], package, level)
           ^^^^^^^^^^^^^^^^^^^^^^^^^^^^^^^^^^^^^^^^^^^^^^^^^^^^
tests\api\transformers\test_domain_transformers.py:7: in <module>
    from backend.api.transformers.domain.interaction import InteractionDomainTransformer
E   ModuleNotFoundError: No module named 'backend.api.transformers.domain.interaction'
------------------------------- Captured stdout -------------------------------
Settings: Auto-detected service-account.json at c:\src\quorum\service-account.json
============================== warnings summary ===============================
..\..\..\Python314\Lib\site-packages\google\genai\types.py:43
  C:\Python314\Lib\site-packages\google\genai\types.py:43: DeprecationWarning: '_UnionGenericAlias' is deprecated and slated for removal in Python 3.17
    VersionedUnionType = Union[builtin_types.UnionType, _UnionGenericAlias]

..\..\..\Python314\Lib\site-packages\litellm\litellm_core_utils\logging_utils.py:273: 15 warnings
  C:\Python314\Lib\site-packages\litellm\litellm_core_utils\logging_utils.py:273: DeprecationWarning: 'asyncio.iscoroutinefunction' is deprecated and slated for removal in Python 3.16; use inspect.iscoroutinefunction() instead
    if asyncio.iscoroutinefunction(func):

..\..\..\Python314\Lib\site-packages\pydantic\_internal\_generate_schema.py:319
  C:\Python314\Lib\site-packages\pydantic\_internal\_generate_schema.py:319: PydanticDeprecatedSince20: `json_encoders` is deprecated. See https://docs.pydantic.dev/2.12/concepts/serialization/#custom-serializers for alternatives. Deprecated in Pydantic V2.0 to be removed in V3.0. See Pydantic V2 Migration Guide at https://errors.pydantic.dev/2.12/migration/
    warnings.warn(

-- Docs: https://docs.pytest.org/en/stable/how-to/capture-warnings.html
----- generated xml file: C:\src\quorum\backend\tests\output\results.xml ------
=========================== short test summary info ===========================
ERROR tests\api\transformers\test_domain_transformers.py
!!!!!!!!!!!!!!!!!!! Interrupted: 1 error during collection !!!!!!!!!!!!!!!!!!!!
======================== 17 warnings, 1 error in 5.16s ========================
